{
  "baseIndentSize": 0,
  "indentSize": 4,
  "tabSize": 4,
  "indentStyle": 2,
  "newLineCharacter": "\r\n",
  "convertTabsToSpaces": true,
  "insertSpaceAfterCommaDelimiter": false,
  "insertSpaceAfterSemicolonInForStatements": false,
  "insertSpaceBeforeAndAfterBinaryOperators": false,
  "insertSpaceAfterConstructor": false,
  "insertSpaceAfterKeywordsInControlFlowStatements": true,
  "insertSpaceAfterFunctionKeywordForAnonymousFunctions": false,
  "insertSpaceAfterOpeningAndBeforeClosingNonemptyParenthesis": false,
  "insertSpaceAfterOpeningAndBeforeClosingNonemptyBrackets": false,
  "insertSpaceAfterOpeningAndBeforeClosingNonemptyBraces": true,
  "insertSpaceAfterOpeningAndBeforeClosingTemplateStringBraces": false,
  "insertSpaceAfterOpeningAndBeforeClosingJsxExpressionBraces": false,
  "insertSpaceAfterTypeAssertion": false,
  "insertSpaceBeforeFunctionParenthesis": false,
  "placeOpenBraceOnNewLineForFunctions": false,
  "placeOpenBraceOnNewLineForControlBlocks": false,
  "insertSpaceBeforeTypeAnnotation": false
}