{
  "baseIndentSize": 0,
  "indentSize": 8,
  "tabSize": 8,
  "indentStyle": 2,
  "newLineCharacter": "/* \n */",
  "convertTabsToSpaces": false,
  "insertSpaceAfterCommaDelimiter": false,
  "insertSpaceAfterSemicolonInForStatements": false,
  "insertSpaceBeforeAndAfterBinaryOperators": false,
  "insertSpaceAfterConstructor": false,
  "insertSpaceAfterKeywordsInControlFlowStatements": false,
  "insertSpaceAfterFunctionKeywordForAnonymousFunctions": true,
  "insertSpaceAfterOpeningAndBeforeClosingNonemptyParenthesis": true,
  "insertSpaceAfterOpeningAndBeforeClosingNonemptyBrackets": false,
  "insertSpaceAfterOpeningAndBeforeClosingNonemptyBraces": true,
  "insertSpaceAfterOpeningAndBeforeClosingTemplateStringBraces": false,
  "insertSpaceAfterOpeningAndBeforeClosingJsxExpressionBraces": false,
  "insertSpaceAfterTypeAssertion": false,
  "insertSpaceBeforeFunctionParenthesis": false,
  "placeOpenBraceOnNewLineForFunctions": true,
  "placeOpenBraceOnNewLineForControlBlocks": true,
  "insertSpaceBeforeTypeAnnotation": false
}