{
  "baseIndentSize": 0,
  "indentSize": 4,
  "tabSize": 4,
  "indentStyle": 2,
  "newLineCharacter": "\n",
  "convertTabsToSpaces": true,
  "insertSpaceAfterCommaDelimiter": true,
  "insertSpaceAfterSemicolonInForStatements": true,
  "insertSpaceBeforeAndAfterBinaryOperators": true,
  "insertSpaceAfterConstructor": false,
  "insertSpaceAfterKeywordsInControlFlowStatements": true,
  "insertSpaceAfterFunctionKeywordForAnonymousFunctions": true,
  "insertSpaceAfterOpeningAndBeforeClosingNonemptyParenthesis": true,
  "insertSpaceAfterOpeningAndBeforeClosingNonemptyBrackets": true,
  "insertSpaceAfterOpeningAndBeforeClosingNonemptyBraces": true,
  "insertSpaceAfterOpeningAndBeforeClosingTemplateStringBraces": true,
  "insertSpaceAfterOpeningAndBeforeClosingJsxExpressionBraces": false,
  "insertSpaceAfterTypeAssertion": false,
  "insertSpaceBeforeFunctionParenthesis": false,
  "placeOpenBraceOnNewLineForFunctions": true,
  "placeOpenBraceOnNewLineForControlBlocks": true,
  "insertSpaceBeforeTypeAnnotation": false
}